pitchfork-news: parsed (30)
letterboxd-journal: parsed (50)
bandcamp-daily: parsed (37)
rolling-stone-india: parsed (10)
rogerebert: parsed (10)
dazed: parsed (15)
highsnobiety: parsed (14)
sneaker-news: parsed (7)
hypebae: parsed (20)
nice-kicks: parsed (10)
eurogamer: parsed (100)
polygon: parsed (10)
xbox-wire: parsed (10)
know-your-meme: parsed (2)
playstation-blog: parsed (10)
daily-dot: parsed (10)
reactor: parsed (30)
book-riot: parsed (10)
literary-hub: parsed (10)
racefans: parsed (20)
the-race: parsed (15)
Report: research/2026-10-02-culture-feed-checks.json
